// Jest Snapshot v1, https://goo.gl/fbAQLP

exports[`renders button component correctly 1`] = `
<button
  className="button"
  type="button"
/>
`;
