// Jest Snapshot v1, https://goo.gl/fbAQLP

exports[`renders select component correctly 1`] = `
<label
  htmlFor="typeOfDisplay"
>
  <select
    className="selectDisplay"
    id="typeOfDisplay"
  >
    <option
      value="recentMovies"
    >
      Films r√©cent
    </option>
    <option
      value="popularMovies"
    >
      Films les plus populaires
    </option>
    <option
      value="favorites"
    >
      Favoris
    </option>
  </select>
</label>
`;
